// Jest Snapshot v1, https://goo.gl/fbAQLP

exports[`ExtensionManager should parse and extend base schema 1`] = `
"type Query {
  hello: String!
  me: User!
}

type User {
  name: String!
}
"
`;

exports[`ExtensionManager should store parser errors with invalid extension 1`] = `
Array [
  Object {
    "fileContent": "extend type NoExisitingType {
  name: String!
}
",
    "fileName": "/testing/resources/invalid_extension.graphql",
    "message": "Cannot extend type \\"NoExisitingType\\" because it is not defined.",
  },
]
`;

exports[`ExtensionManager should store parser errors with invalid syntax file 1`] = `
Array [
  Object {
    "fileContent": "directive @hoge() on FIEELD
",
    "fileName": "/testing/resources/invalid_syntax.graphql",
    "locations": Array [
      Object {
        "character": 16,
        "line": 0,
      },
    ],
    "message": "Syntax Error: Expected Name, found \\")\\".",
  },
]
`;
